
================================================================================
Phase 1: Controller Synthesis
================================================================================

[Data Generation] Sampling random 'historical' plant parameters within bounds:
  sigma_t: 1.0195 (Nom: 0.8750)
  Simulating batch data (L=1200) from random plant...
  [Stage3] Using fixed disturbance bound: d_max = 2.4000
  [P0-3 W_c] alpha_c = 1.044250e-02  (safety_factor=1.050, vertex_max_eig=9.945239e-03, interior_max_eig=9.945200e-03)
  [P0-3 W_c verify] vertex set : min PSD gap = 4.973e-04, violations = 0/1024  (formal)
  [P0-3 W_c verify] interior   : min PSD gap = 4.973e-04, violations = 0/1000  (sanity)
  [P0-1 W_E] DETERMINISTIC bound: sigma_E_x = 5.00e-04 (Gaussian std), nu_E_max = 3.00e-03 (L2 cap, ~6.0*sigma); ||W_E^x||_op = 1.080e-02 (= 1200*nu_E_max^2, top 12 block); W_E^z = 0 (Z_t deterministic from X_t, U_t)
  [P0-2 DIAGNOSTIC, MODEL-MISMATCH diagnostic over ALL prior vertices (NOT a residual check)]
    rho_E = max_i lambda_max((1/L) E_i E_i^T) = 2.5466e-01 (@ vertex 28/1024)
    per-sample disturbance proxy d_max^2 * alpha_c = 6.0149e-02
    per-sample residual cap      nu_E_max^2        = 9.0000e-06  (formal W_E uses this)
    per-sample residual std^2    sigma_E_x^2       = 2.5000e-07  (unsaturated Gaussian variance)
    (scalar DIAGNOSTIC only; formal W_E in build_psi_data is built independently from nu_E_max via build_structured_residual_bound)

Generating 8 geometric fusion plots...
    Plotting 2D slice: Jx vs Jy ...
    Plotting 2D slice: Jy vs kp ...
    Plotting 2D slice: Jz vs kx ...
    Plotting 2D slice: kp vs kr ...
    Plotting 2D slice: ky vs kq ...
    Plotting 2D slice: sigma_t vs Jy ...
    Plotting 2D slice: ky vs kr ...
    Plotting 2D slice: kp vs kq ...
[SelfCheck] (hist) p_data_source: s_raw=6.588537e-12 (mode=lambda_max)
  Plots generated

Score statistics: n=1024, min=6.5459e-12, max=1.6343e+02, mean=1.1311e+02
  Histogram: [256   0   0   0   0   0   0   0 256 512]

[SelfCheck] p_data_source (data-generating plant): s_raw=6.588537e-12 (mode=lambda_max) | among pool: min=6.545851e-12, max=1.634297e+02, percentile=2.54% (<=count 26/1024), gap_to_min=4.269e-14
[SelfCheck] p_nom (nominal center): s_raw=6.630191e-12 (mode=lambda_max) | among pool: min=6.545851e-12, max=1.634297e+02, percentile=14.36% (<=count 147/1024), gap_to_min=8.434e-14
  [ScorePipeline] SOFT-CONSISTENCY mode: hard_ratio(tau=0)=0.0000 < 0.01
  [ScorePipeline]   tau_effective=6.616883e-12 (rho=0.1 quantile of raw scores)
  [ScorePipeline] tau_eff=6.617e-12, sigma=1.356e-01, soft_mode=True, uninformative=False
  [ScorePipeline] s: n_zero=129/1024, min=0.0000, max=0.6337, mean=0.4525
[Vertices-Pool] robust s: min=0.000e+00, max=6.337e-01, n=1024, n_zero=129, soft_mode=True
  [P0-2 I0] |I0| (processed s==0) = 129/1024, tau_eff = 6.617e-12, soft_mode = True
  [P0-2 DIAGNOSTIC, processed score-zero subset I0 (a-posteriori residual diagnostic)]
    rho_E = max_i lambda_max((1/L) E_i E_i^T) = 3.6325e-02 (@ vertex 52/129)
    per-sample disturbance proxy d_max^2 * alpha_c = 6.0149e-02
    per-sample residual cap      nu_E_max^2        = 9.0000e-06  (formal W_E uses this)
    per-sample residual std^2    sigma_E_x^2       = 2.5000e-07  (unsaturated Gaussian variance)
    (scalar DIAGNOSTIC only; formal W_E in build_psi_data is built independently from nu_E_max via build_structured_residual_bound)

============================================================
[IterConstraintExchange] Starting with K_budget=20, max_rounds=4
============================================================
[IterExchange] Init: K=20, m_incon=4, s>0 in active=14, stratified=yes

[Round 1/4] Active: 20, s range: [0.000e+00, 6.278e-01], s>0: 14
[MOSEK] Using license file: <MOSEK_LICENSE_FILE>
  SDP solved: gamma=4.4142, beta=10.6201
  Verification: max_violation=0.000001 (vertex 871), n_violated=0/1024, consistent_violated=0
  *** Converged: all vertices satisfy LMI (tol=1.0e-04) ***

[IterExchange] Final: 20 vertices, gamma=4.4142, max_viol=0.000001, n_violated=0

[BaselineB] Same 20 vertices as Proposed, s_i=0 (no relaxation). threads=1
[MOSEK] Using license file: <MOSEK_LICENSE_FILE>
Problem
  Name                   : vertex_fusion
  Objective sense        : minimize
  Type                   : CONIC (conic optimization problem)
  Constraints            : 0
  Affine conic cons.     : 43 (40759 rows)
  Disjunctive cons.      : 0
  Cones                  : 0
  Scalar variables       : 68
  Matrix variables       : 1 (scalarized: 136)
  Integer variables      : 0

Optimizer started.
Presolve started.
Linear dependency checker started.
Linear dependency checker terminated.
Eliminator started.
Freed constraints in eliminator : 0
Eliminator terminated.
Eliminator - tries                  : 1                 time                   : 0.00
Lin. dep.  - tries                  : 1                 time                   : 0.00
Lin. dep.  - primal attempts        : 1                 successes              : 1
Lin. dep.  - dual attempts          : 0                 successes              : 0
Lin. dep.  - primal deps.           : 0                 dual deps.             : 0
Presolve terminated. Time: 0.02
GP based matrix reordering started.
GP based matrix reordering terminated.
Optimizer  - threads                : 1
Optimizer  - solved problem         : the primal
Optimizer  - Constraints            : 40759
Optimizer  - Cones                  : 1
Optimizer  - Scalar variables       : 67                conic                  : 65
Optimizer  - Semi-definite variables: 44                scalarized             : 40895
Factor     - setup time             : 76.81
Factor     - dense det. time        : 33.78             GP order time          : 0.03
Factor     - nonzeros before factor : 2.60e+08          after factor           : 2.97e+08
Factor     - dense dim.             : 0                 flops                  : 4.21e+12
Factor     - GP saved nzs           : 7.74e+06          GP saved flops         : 2.93e+11
ITE PFEAS    DFEAS    GFEAS    PRSTATUS   POBJ              DOBJ              MU       TIME
0   1.0e+00  1.0e+00  1.0e+00  0.00e+00   0.000000000e+00   0.000000000e+00   1.0e+00  76.92
1   4.9e-01  4.9e-01  3.4e-01  9.27e-01   5.973959816e-01   5.866561770e-01   4.9e-01  158.64
2   7.8e-02  7.8e-02  1.8e-02  1.08e+00   1.075582691e+00   1.056592097e+00   7.8e-02  249.81
3   1.8e-02  1.8e-02  2.5e-03  1.07e+00   1.962585712e+00   1.962601782e+00   1.8e-02  341.67
4   4.5e-03  4.5e-03  4.0e-04  7.09e-01   3.549320784e+00   3.551431260e+00   4.5e-03  442.38
5   1.9e-03  1.9e-03  1.4e-04  5.26e-01   4.932411823e+00   4.934135806e+00   1.9e-03  539.38
6   1.3e-03  1.3e-03  9.9e-05  2.34e-01   5.479627873e+00   5.482229486e+00   1.3e-03  640.16
7   2.5e-04  2.5e-04  1.4e-05  4.13e-01   8.272097210e+00   8.274068249e+00   2.5e-04  730.92
8   4.0e-05  4.0e-05  2.0e-06  2.72e-01   1.149571766e+01   1.149789632e+01   4.0e-05  821.89
9   1.9e-05  1.9e-05  1.0e-06  -1.37e-02  1.311758469e+01   1.312035624e+01   1.9e-05  909.50
10  3.2e-06  3.2e-06  1.6e-07  1.30e-01   1.805423598e+01   1.805680905e+01   3.2e-06  1000.25
11  1.1e-06  1.1e-06  4.9e-08  1.21e-01   2.152732001e+01   2.152934025e+01   1.1e-06  1087.97
12  4.9e-07  4.9e-07  1.9e-08  1.97e-01   2.358915027e+01   2.359065245e+01   4.9e-07  1175.74
13  8.5e-08  8.5e-08  2.1e-09  4.21e-01   2.634777118e+01   2.634836112e+01   8.5e-08  1266.94
14  1.9e-08  7.4e-09  6.1e-11  7.91e-01   2.729206841e+01   2.729213541e+01   7.5e-09  1634.17
Optimizer terminated. Time: 1634.39


Interior-point solution summary
  Problem status  : PRIMAL_AND_DUAL_FEASIBLE
  Solution status : OPTIMAL
  Primal.  obj: 2.7292068411e+01    nrm: 3e+01    Viol.  var: 0e+00    barvar: 0e+00    acc: 3e-06
  Dual.    obj: 2.7292135413e+01    nrm: 6e+03    Viol.  var: 8e-07    barvar: 8e-07    acc: 3e-07

============================================================
[P0] Prior-only robust: 1024 vertices, all s_i=0
============================================================
[IterExchange] Init: K=20, m_incon=0, s>0 in active=0, stratified=yes

[Round 1/4] Active: 20, s range: [0.000e+00, 0.000e+00], s>0: 0
[MOSEK] Using license file: <MOSEK_LICENSE_FILE>
  SDP solved: gamma=5.2044, beta=0.0000
  Verification: max_violation=0.000003 (vertex 650), n_violated=0/1024, consistent_violated=0
  *** Converged: all vertices satisfy LMI (tol=1.0e-04) ***

[IterExchange] Final: 20 vertices, gamma=5.2044, max_viol=0.000003, n_violated=0
  [F1a] Adaptive threshold: tau=6.5972e-12 (5th percentile, no s<=0 vertices)

============================================================
[F1a] Hard fusion strict: 52/1024 consistent (s<=6.5972e-12), using 20
============================================================
  Using 20 vertices for SDP (budget K=20)
[MOSEK] Using license file: <MOSEK_LICENSE_FILE>
Problem
  Name                   : vertex_fusion
  Objective sense        : minimize
  Type                   : CONIC (conic optimization problem)
  Constraints            : 0
  Affine conic cons.     : 43 (40759 rows)
  Disjunctive cons.      : 0
  Cones                  : 0
  Scalar variables       : 68
  Matrix variables       : 1 (scalarized: 136)
  Integer variables      : 0

Optimizer started.
Presolve started.
Linear dependency checker started.
Linear dependency checker terminated.
Eliminator started.
Freed constraints in eliminator : 0
Eliminator terminated.
Eliminator - tries                  : 1                 time                   : 0.00
Lin. dep.  - tries                  : 1                 time                   : 0.00
Lin. dep.  - primal attempts        : 1                 successes              : 1
Lin. dep.  - dual attempts          : 0                 successes              : 0
Lin. dep.  - primal deps.           : 0                 dual deps.             : 0
Presolve terminated. Time: 0.00
GP based matrix reordering started.
GP based matrix reordering terminated.
Optimizer  - threads                : 1
Optimizer  - solved problem         : the primal
Optimizer  - Constraints            : 40759
Optimizer  - Cones                  : 1
Optimizer  - Scalar variables       : 67                conic                  : 65
Optimizer  - Semi-definite variables: 44                scalarized             : 40895
Factor     - setup time             : 76.02
Factor     - dense det. time        : 30.80             GP order time          : 0.03
Factor     - nonzeros before factor : 2.60e+08          after factor           : 2.97e+08
Factor     - dense dim.             : 0                 flops                  : 4.21e+12
Factor     - GP saved nzs           : 7.74e+06          GP saved flops         : 2.93e+11
ITE PFEAS    DFEAS    GFEAS    PRSTATUS   POBJ              DOBJ              MU       TIME
0   1.0e+00  1.0e+00  1.0e+00  0.00e+00   0.000000000e+00   0.000000000e+00   1.0e+00  76.08
1   4.9e-01  4.9e-01  3.4e-01  9.27e-01   5.975641777e-01   5.869594660e-01   4.9e-01  158.78
2   7.9e-02  7.9e-02  1.8e-02  1.08e+00   1.073321002e+00   1.054275108e+00   7.9e-02  254.52
3   1.8e-02  1.8e-02  2.5e-03  1.07e+00   1.971912933e+00   1.972073750e+00   1.8e-02  350.84
4   4.3e-03  4.3e-03  3.8e-04  7.01e-01   3.615653298e+00   3.617776903e+00   4.3e-03  446.72
5   1.1e-03  1.1e-03  6.7e-05  5.14e-01   5.806727298e+00   5.808545105e+00   1.1e-03  537.50
6   2.0e-04  2.0e-04  1.0e-05  1.85e-01   8.594730137e+00   8.596710746e+00   2.0e-04  632.89
7   8.1e-05  8.1e-05  4.0e-06  2.42e-02   1.028652792e+01   1.028841205e+01   8.1e-05  720.95
8   6.2e-05  6.2e-05  3.2e-06  -4.68e-02  1.074848930e+01   1.075064438e+01   6.2e-05  807.45
9   9.2e-06  9.2e-06  3.9e-07  6.37e-02   1.471686096e+01   1.471846470e+01   9.2e-06  895.50
10  1.6e-06  1.6e-06  5.0e-08  3.17e-01   1.757862279e+01   1.757951394e+01   1.6e-06  985.06
11  2.6e-07  2.6e-07  4.5e-09  5.74e-01   1.909422985e+01   1.909451559e+01   2.6e-07  1073.41
12  2.4e-07  2.4e-07  4.1e-09  4.02e-01   1.912290551e+01   1.912318637e+01   2.4e-07  1164.55
13  1.0e-07  1.0e-07  1.2e-09  8.44e-01   1.939947331e+01   1.939959867e+01   1.0e-07  1252.86
14  5.1e-08  5.1e-08  4.2e-10  9.33e-01   1.953360143e+01   1.953366747e+01   5.1e-08  1350.20
Optimizer terminated. Time: 1350.39


Interior-point solution summary
  Problem status  : PRIMAL_AND_DUAL_FEASIBLE
  Solution status : OPTIMAL
  Primal.  obj: 1.9533601431e+01    nrm: 2e+01    Viol.  var: 0e+00    barvar: 0e+00    acc: 2e-06
  Dual.    obj: 1.9533667469e+01    nrm: 4e+03    Viol.  var: 2e-06    barvar: 2e-06    acc: 0e+00

============================================================
[F1b] Hard fusion budget: top-20 by raw consistency score
  Score range of selected: [6.5459e-12, 6.5849e-12]
============================================================
[MOSEK] Using license file: <MOSEK_LICENSE_FILE>
Problem
  Name                   : vertex_fusion
  Objective sense        : minimize
  Type                   : CONIC (conic optimization problem)
  Constraints            : 0
  Affine conic cons.     : 43 (40759 rows)
  Disjunctive cons.      : 0
  Cones                  : 0
  Scalar variables       : 68
  Matrix variables       : 1 (scalarized: 136)
  Integer variables      : 0

Optimizer started.
Presolve started.
Linear dependency checker started.
Linear dependency checker terminated.
Eliminator started.
Freed constraints in eliminator : 0
Eliminator terminated.
Eliminator - tries                  : 1                 time                   : 0.00
Lin. dep.  - tries                  : 1                 time                   : 0.00
Lin. dep.  - primal attempts        : 1                 successes              : 1
Lin. dep.  - dual attempts          : 0                 successes              : 0
Lin. dep.  - primal deps.           : 0                 dual deps.             : 0
Presolve terminated. Time: 0.03
GP based matrix reordering started.
GP based matrix reordering terminated.
Optimizer  - threads                : 1
Optimizer  - solved problem         : the primal
Optimizer  - Constraints            : 40759
Optimizer  - Cones                  : 1
Optimizer  - Scalar variables       : 67                conic                  : 65
Optimizer  - Semi-definite variables: 44                scalarized             : 40895
Factor     - setup time             : 68.39
Factor     - dense det. time        : 31.44             GP order time          : 0.03
Factor     - nonzeros before factor : 2.60e+08          after factor           : 2.97e+08
Factor     - dense dim.             : 0                 flops                  : 4.21e+12
Factor     - GP saved nzs           : 7.74e+06          GP saved flops         : 2.93e+11
ITE PFEAS    DFEAS    GFEAS    PRSTATUS   POBJ              DOBJ              MU       TIME
0   1.0e+00  1.0e+00  1.0e+00  0.00e+00   0.000000000e+00   0.000000000e+00   1.0e+00  68.48
1   4.9e-01  4.9e-01  3.4e-01  9.27e-01   5.975181272e-01   5.868754742e-01   4.9e-01  146.42
2   7.9e-02  7.9e-02  1.8e-02  1.08e+00   1.072842486e+00   1.053788802e+00   7.9e-02  230.12
3   1.8e-02  1.8e-02  2.5e-03  1.07e+00   1.958215482e+00   1.958265526e+00   1.8e-02  316.81
4   4.5e-03  4.5e-03  4.1e-04  7.08e-01   3.539920902e+00   3.542036244e+00   4.5e-03  404.11
5   2.0e-03  2.0e-03  1.4e-04  5.37e-01   4.874594905e+00   4.876264767e+00   2.0e-03  490.06
6   1.4e-03  1.4e-03  1.1e-04  2.46e-01   5.391114213e+00   5.393651349e+00   1.4e-03  576.66
7   2.8e-04  2.8e-04  1.5e-05  4.31e-01   8.092107002e+00   8.093939450e+00   2.8e-04  663.36
8   4.6e-05  4.6e-05  2.2e-06  3.14e-01   1.123235403e+01   1.123430117e+01   4.6e-05  750.34
9   1.7e-05  1.7e-05  7.0e-07  8.69e-02   1.346387379e+01   1.346546979e+01   1.7e-05  835.42
10  9.2e-06  9.2e-06  4.3e-07  -5.21e-02  1.448268080e+01   1.448471084e+01   9.2e-06  917.95
11  2.8e-06  2.8e-06  9.4e-08  4.09e-01   1.687002987e+01   1.687106063e+01   2.8e-06  999.72
12  4.7e-07  4.7e-07  1.0e-08  4.47e-01   1.876399357e+01   1.876443652e+01   4.7e-07  1084.52
13  2.8e-07  2.8e-07  5.1e-09  5.96e-01   1.906217950e+01   1.906249752e+01   2.8e-07  1167.34
14  2.2e-08  2.2e-08  7.4e-11  8.87e-01   1.959387437e+01   1.959388508e+01   2.2e-08  1253.16
Optimizer terminated. Time: 1253.28


Interior-point solution summary
  Problem status  : PRIMAL_AND_DUAL_FEASIBLE
  Solution status : OPTIMAL
  Primal.  obj: 1.9593874365e+01    nrm: 2e+01    Viol.  var: 0e+00    barvar: 0e+00    acc: 1e-06
  Dual.    obj: 1.9593885079e+01    nrm: 6e+03    Viol.  var: 9e-07    barvar: 9e-07    acc: 2e-07

============================================================
[S0] Data-only: LS identification from batch + LQR
============================================================
  LS model: rho(A_hat)=1.1306, dim A=(16, 16), B=(16, 4)
  S0 LQR ok: rho(A+BK)=0.8510

================================================================================
Phase 2: Monte Carlo Campaign (N=2000)
================================================================================

================================================================================
[Monte Carlo] Starting All-in-One Campaign: N=2000 trials
================================================================================
  MC Progress: 200/2000...
  MC Progress: 400/2000...
  MC Progress: 600/2000...
  MC Progress: 800/2000...
  MC Progress: 1000/2000...
  MC Progress: 1200/2000...
  MC Progress: 1400/2000...
  MC Progress: 1600/2000...
  MC Progress: 1800/2000...
  MC Progress: 2000/2000...

========================================================================================================================
>>> [Table 1] Monte Carlo Statistics Summary (N=2000)
========================================================================================================================
Controller             |  RMSE Mean |   RMSE Med |   RMSE Std |  Peak Mean |   Peak Max |  Energy Mean |  Success
------------------------------------------------------------------------------------------------------------------------
NominalLQR             |     0.6212 |     0.6197 |     0.1344 |     1.3976 |     1.9267 |       0.0175 |   100.0%
S0(DataOnly)           |     0.5944 |     0.5878 |     0.1337 |     1.3881 |     1.9417 |       0.0220 |   100.0%
P0(PriorOnly)          |     0.5077 |     0.5034 |     0.1033 |     1.3009 |     1.7366 |       0.0274 |   100.0%
P1(NoRelax)            |     0.5066 |     0.5019 |     0.1033 |     1.3003 |     1.7360 |       0.0277 |   100.0%
F1a(HardStrict)        |     0.4330 |     0.4312 |     0.0750 |     1.2268 |     1.5641 |       1.3797 |    84.0%
F1b(HardBudget)        |     0.4309 |     0.4295 |     0.0743 |     1.2247 |     1.5584 |       1.3552 |    84.8%
Proposed               |     0.4390 |     0.4366 |     0.0768 |     1.2324 |     1.5775 |       0.9720 |    95.3%
------------------------------------------------------------------------------------------------------------------------

>>> [Table 2] Proposed Improvement (Median)
Baseline               |  RMSE Imp% |  Peak Imp%
--------------------------------------------------
NominalLQR             |     +29.55% |     +11.76%
S0(DataOnly)           |     +25.72% |     +11.08%
P0(PriorOnly)          |     +13.28% |      +5.15%
P1(NoRelax)            |     +13.00% |      +5.11%
F1a(HardStrict)        |      -1.26% |      -0.40%
F1b(HardBudget)        |      -1.65% |      -0.49%

Controller             |  #Fail |  Fail Dev Mean |  Fail Dev Med |  All Dev Mean |  All Dev Med
----------------------------------------------------------------------------------------------------
NominalLQR             |      0 |           --     |          --     |        0.9846 |       0.9942
S0(DataOnly)           |      0 |           --     |          --     |        0.9846 |       0.9942
P0(PriorOnly)          |      0 |           --     |          --     |        0.9846 |       0.9942
P1(NoRelax)            |      0 |           --     |          --     |        0.9846 |       0.9942
F1a(HardStrict)        |    321 |         1.0162 |        1.0210 |        0.9846 |       0.9942
F1b(HardBudget)        |    305 |         1.0171 |        1.0200 |        0.9846 |       0.9942
Proposed               |     93 |         1.0251 |        1.0100 |        0.9846 |       0.9942
----------------------------------------------------------------------------------------------------

  Total unique failed trials (any controller): 326
  Proposed failed trials: 93

[Cache] Saved MC artifacts to monclo_Result\mc_cache.pkl

[Plotting] Generating boxplots...
[Figures] Saved Monte Carlo boxplots to monclo_Result

[Plotting] Generating sensitivity scatter...
[Figures] Saved Sensitivity Scatter Plot to monclo_Result

[Plotting] Generating trajectory envelope...
[Figures] Generating Spaghetti Plot from collected data...
[Figures] Saved Spaghetti Plot to monclo_Result

[Plotting] Generating success rate...
[Figures] Saved success rate comparison to monclo_Result

================================================================================
All simulations completed successfully!
================================================================================
