
================================================================================
Phase 1: Controller Synthesis
================================================================================

[Data Generation] Sampling random 'historical' plant parameters within bounds:
  sigma_t: 1.0195 (Nom: 0.8750)
  Simulating batch data (L=1200) from random plant...
  [Offline input] increment/absolute saturation rates: 0.0000/0.0000; normalized command/applied increment peaks: 0.8502/0.8502
  [Stage3] Fixed common disturbance channel scale: d_max = 2.4000
  [W_c] alpha_c = 6.240475e-02  (safety_factor=1.050, vertex_max_eig=5.943310e-02, interior_max_eig=5.943286e-02)
  [W_c verify] vertex set : min PSD gap = 2.972e-03, violations = 0/1024  (formal)
  [W_c verify] interior   : min PSD gap = 2.972e-03, violations = 0/1000  (sanity)
  [W_c generator] old alpha=6.240475e-02, new alpha=6.240475e-02, changed=False, generator PSD gap=2.984e-03
  [W_E] deterministic normalized residual bound: ||W_E^x||_op = 1.728e-01; W_E^z = 0
  [W_E realized check] min PSD gap = -3.476e-19; max output residual = 8.882e-16; max input-memory residual = 1.110e-16
  [Residual diagnostic, MODEL-MISMATCH diagnostic over ALL prior vertices (NOT a residual check)]
    rho_E = max_i lambda_max((1/L) E_i E_i^T) = 3.2271e+00 (@ vertex 28/1024)
    normalized disturbance proxy alpha_c = 6.2405e-02
    normalized residual-cap proxy = 1.4400e-04
    normalized residual-std proxy = 4.0000e-06
    (scalar diagnostic only; formal W_E in build_psi_data is built independently from nu_E_max via build_structured_residual_bound)

Generating 8 geometric fusion plots...
    Plotting 2D slice: Jx vs Jy ...
    Plotting 2D slice: Jx vs kp ...
    Plotting 2D slice: Jy vs kq ...
    Plotting 2D slice: Jz vs kr ...
    Plotting 2D slice: sigma_t vs kz ...
    Plotting 2D slice: kx vs ky ...
    Plotting 2D slice: kp vs kq ...
    Plotting 2D slice: ky vs kr ...
[SelfCheck] (hist) p_data_source: s_raw=9.667930e-11 (mode=lambda_max)
  Plots generated

Score statistics: n=1024, min=3.7939e+02, max=3.7249e+03, mean=2.7807e+03
  Histogram: [256   0   0   0   0   0   0   0 128 640]

[SelfCheck] p_data_source (data-generating plant): s_raw=9.667930e-11 (mode=lambda_max) | among pool: min=3.793872e+02, max=3.724941e+03, percentile=0.00% (<=count 0/1024), gap_to_min=-3.794e+02
[SelfCheck] p_nom (nominal center): s_raw=8.876447e+02 (mode=lambda_max) | among pool: min=3.793872e+02, max=3.724941e+03, percentile=25.00% (<=count 256/1024), gap_to_min=5.083e+02
  [ScorePipeline] SOFT-CONSISTENCY mode: hard_ratio(tau=0)=0.0000 < 0.01
  [ScorePipeline]   tau_effective=3.795228e+02 (rho=0.1 quantile of raw scores)
  [ScorePipeline] tau_eff=3.795e+02, sigma=2.779e+00, soft_mode=True, uninformative=False
  [ScorePipeline] s: n_zero=103/1024, min=0.0000, max=0.6334, mean=0.4633
[Vertices-Pool] robust s: min=0.000e+00, max=6.334e-01, n=1024, n_zero=103, soft_mode=True
  [I0 residual diagnostic] |I0| (processed s==0) = 103/1024, tau_eff = 3.795e+02, soft_mode = True
  [Residual diagnostic, processed score-zero subset I0 (a-posteriori residual diagnostic)]
    rho_E = max_i lambda_max((1/L) E_i E_i^T) = 4.4038e-01 (@ vertex 35/103)
    normalized disturbance proxy alpha_c = 6.2405e-02
    normalized residual-cap proxy = 1.4400e-04
    normalized residual-std proxy = 4.0000e-06
    (scalar diagnostic only; formal W_E in build_psi_data is built independently from nu_E_max via build_structured_residual_bound)
Saved data-fusion diagnostics to: <repository>/results_revised\caches\vertex_selection_data_diagnostics.npz

============================================================
[IterConstraintExchange] Starting with K_budget=20, max_rounds=4
============================================================
[IterExchange] Init: K=20, m_incon=4, s>0 in active=17, stratified=yes

[Round 1/4] Active: 20, s range: [0.000e+00, 6.293e-01], s>0: 17
[MOSEK] Using configured license: <configured MOSEK license path>
  SDP solved: gamma=4.3573, beta=26.9255
  Verification: max_violation=0.000037 (vertex 775), n_violated=0/1024, consistent_violated=0
  *** Converged: all vertices satisfy LMI (tol=1.0e-04) ***

[IterExchange] Final: 20 vertices, gamma=4.3573, max_viol=0.000037, n_violated=0

[BaselineB] Same 20 vertices as Proposed, s_i=0 (no relaxation). threads=1
[MOSEK] Using configured license: <configured MOSEK license path>
Problem
  Name                   : vertex_fusion
  Objective sense        : minimize
  Type                   : CONIC (conic optimization problem)
  Constraints            : 0
  Affine conic cons.     : 42 (40606 rows)
  Disjunctive cons.      : 0
  Cones                  : 0
  Scalar variables       : 68
  Matrix variables       : 1 (scalarized: 136)
  Integer variables      : 0

Optimizer started.
Presolve started.
Linear dependency checker started.
Linear dependency checker terminated.
Eliminator started.
Freed constraints in eliminator : 0
Eliminator terminated.
Eliminator - tries                  : 1                 time                   : 0.00
Lin. dep.  - tries                  : 1                 time                   : 0.02
Lin. dep.  - primal attempts        : 1                 successes              : 1
Lin. dep.  - dual attempts          : 0                 successes              : 0
Lin. dep.  - primal deps.           : 0                 dual deps.             : 0
Presolve terminated. Time: 0.02
GP based matrix reordering started.
GP based matrix reordering terminated.
Optimizer  - threads                : 1
Optimizer  - solved problem         : the primal
Optimizer  - Constraints            : 40606
Optimizer  - Cones                  : 1
Optimizer  - Scalar variables       : 67                conic                  : 65
Optimizer  - Semi-definite variables: 43                scalarized             : 40742
Factor     - setup time             : 64.14
Factor     - dense det. time        : 25.08             GP order time          : 0.01
Factor     - nonzeros before factor : 2.57e+08          after factor           : 2.94e+08
Factor     - dense dim.             : 0                 flops                  : 4.14e+12
Factor     - GP saved nzs           : 7.70e+06          GP saved flops         : 2.90e+11
ITE PFEAS    DFEAS    GFEAS    PRSTATUS   POBJ              DOBJ              MU       TIME
0   1.0e+00  1.0e+00  1.0e+00  0.00e+00   0.000000000e+00   0.000000000e+00   1.0e+00  64.19
1   1.0e-01  1.0e-01  2.9e-02  9.25e-01   1.063433907e+00   1.043349714e+00   1.0e-01  143.99
2   1.5e-02  1.5e-02  1.9e-03  1.06e+00   2.312846715e+00   2.313843446e+00   1.5e-02  250.31
3   2.8e-03  2.8e-03  2.6e-04  6.37e-01   4.530931152e+00   4.534362886e+00   2.8e-03  356.75
4   5.4e-04  5.4e-04  3.9e-05  4.21e-01   7.612133300e+00   7.615641721e+00   5.4e-04  460.34
5   1.2e-04  1.2e-04  7.4e-06  2.44e-01   1.137690100e+01   1.138028840e+01   1.2e-04  557.61
6   2.1e-05  2.1e-05  1.2e-06  1.12e-01   1.610092832e+01   1.610423572e+01   2.1e-05  650.77
7   8.0e-06  8.0e-06  4.3e-07  -5.73e-03  1.923174572e+01   1.923451344e+01   8.0e-06  741.45
8   1.5e-06  1.5e-06  6.6e-08  1.01e-01   2.367024033e+01   2.367202787e+01   1.5e-06  834.33
9   2.6e-07  2.6e-07  6.5e-09  4.17e-01   2.641423907e+01   2.641485658e+01   2.6e-07  926.80
10  4.8e-08  4.2e-08  4.8e-10  8.21e-01   2.720035500e+01   2.720048284e+01   4.3e-08  1281.25
Optimizer terminated. Time: 1281.34


Interior-point solution summary
  Problem status  : PRIMAL_AND_DUAL_FEASIBLE
  Solution status : OPTIMAL
  Primal.  obj: 2.7200355003e+01    nrm: 3e+01    Viol.  var: 0e+00    barvar: 0e+00    acc: 9e-06
  Dual.    obj: 2.7200482843e+01    nrm: 3e+03    Viol.  var: 2e-06    barvar: 2e-06    acc: 0e+00

============================================================
[P0] Prior-only robust: 1024 vertices, all s_i=0
============================================================
[IterExchange] Init: K=20, m_incon=0, s>0 in active=0, stratified=yes

[Round 1/4] Active: 20, s range: [0.000e+00, 0.000e+00], s>0: 0
[MOSEK] Using configured license: <configured MOSEK license path>
  SDP solved: gamma=5.2101, beta=0.0000
  Verification: max_violation=0.000169 (vertex 339), n_violated=128/1024, consistent_violated=128
  Swap: remove vertex 271 (viol=0.000004, s=0.000e+00, tier=0) -> add vertex 339 (viol=0.000169, s=0.000e+00, tier=0)

[Round 2/4] Active: 20, s range: [0.000e+00, 0.000e+00], s>0: 0
[MOSEK] Using configured license: <configured MOSEK license path>
  SDP solved: gamma=5.2088, beta=0.0000
  Verification: max_violation=0.000011 (vertex 241), n_violated=0/1024, consistent_violated=0
  *** Converged: all vertices satisfy LMI (tol=1.0e-04) ***

[IterExchange] Final: 20 vertices, gamma=5.2088, max_viol=0.000011, n_violated=0
  [F1a] Adaptive threshold: tau=3.7943e+02 (5th percentile, no s<=0 vertices)

============================================================
[F1a] Thresholded hard selection with fallback: 52/1024 selected (s<=3.7943e+02), using 20
============================================================
  Using 20 vertices for SDP (budget K=20)
[MOSEK] Using configured license: <configured MOSEK license path>
Problem
  Name                   : vertex_fusion
  Objective sense        : minimize
  Type                   : CONIC (conic optimization problem)
  Constraints            : 0
  Affine conic cons.     : 42 (40606 rows)
  Disjunctive cons.      : 0
  Cones                  : 0
  Scalar variables       : 68
  Matrix variables       : 1 (scalarized: 136)
  Integer variables      : 0

Optimizer started.
Presolve started.
Linear dependency checker started.
Linear dependency checker terminated.
Eliminator started.
Freed constraints in eliminator : 0
Eliminator terminated.
Eliminator - tries                  : 1                 time                   : 0.00
Lin. dep.  - tries                  : 1                 time                   : 0.00
Lin. dep.  - primal attempts        : 1                 successes              : 1
Lin. dep.  - dual attempts          : 0                 successes              : 0
Lin. dep.  - primal deps.           : 0                 dual deps.             : 0
Presolve terminated. Time: 0.00
GP based matrix reordering started.
GP based matrix reordering terminated.
Optimizer  - threads                : 1
Optimizer  - solved problem         : the primal
Optimizer  - Constraints            : 40606
Optimizer  - Cones                  : 1
Optimizer  - Scalar variables       : 67                conic                  : 65
Optimizer  - Semi-definite variables: 43                scalarized             : 40742
Factor     - setup time             : 79.53
Factor     - dense det. time        : 34.47             GP order time          : 0.02
Factor     - nonzeros before factor : 2.57e+08          after factor           : 2.94e+08
Factor     - dense dim.             : 0                 flops                  : 4.14e+12
Factor     - GP saved nzs           : 7.70e+06          GP saved flops         : 2.90e+11
ITE PFEAS    DFEAS    GFEAS    PRSTATUS   POBJ              DOBJ              MU       TIME
0   1.0e+00  1.0e+00  1.0e+00  0.00e+00   0.000000000e+00   0.000000000e+00   1.0e+00  79.58
1   1.0e-01  1.0e-01  2.8e-02  9.25e-01   1.053356727e+00   1.032963323e+00   1.0e-01  171.80
2   1.4e-02  1.4e-02  1.8e-03  1.05e+00   2.307533326e+00   2.308737620e+00   1.4e-02  270.95
3   2.4e-03  2.4e-03  1.9e-04  6.60e-01   4.365701092e+00   4.368255542e+00   2.4e-03  368.78
4   4.8e-04  4.8e-04  2.8e-05  5.07e-01   6.621865104e+00   6.624020681e+00   4.8e-04  465.47
5   1.0e-04  1.0e-04  5.1e-06  2.71e-01   9.205879728e+00   9.207815589e+00   1.0e-04  562.41
6   5.4e-05  5.4e-05  2.5e-06  4.77e-02   1.050807912e+01   1.050977397e+01   5.4e-05  657.45
7   3.8e-05  3.8e-05  2.0e-06  -2.18e-01  1.103581382e+01   1.103817083e+01   3.8e-05  752.86
8   5.2e-06  5.2e-06  2.0e-07  5.19e-02   1.527608477e+01   1.527746591e+01   5.2e-06  849.97
9   8.7e-07  8.7e-07  2.2e-08  3.61e-01   1.806981391e+01   1.807044507e+01   8.7e-07  947.06
10  7.2e-07  7.2e-07  1.8e-08  5.21e-01   1.827542747e+01   1.827601194e+01   7.2e-07  1041.38
11  2.4e-07  2.4e-07  4.1e-09  6.29e-01   1.908687473e+01   1.908715047e+01   2.4e-07  1135.92
12  4.5e-08  4.0e-08  2.4e-10  8.84e-01   1.955097557e+01   1.955100866e+01   3.8e-08  1231.88
Optimizer terminated. Time: 1231.97


Interior-point solution summary
  Problem status  : PRIMAL_AND_DUAL_FEASIBLE
  Solution status : OPTIMAL
  Primal.  obj: 1.9550975568e+01    nrm: 2e+01    Viol.  var: 0e+00    barvar: 0e+00    acc: 2e-06
  Dual.    obj: 1.9551008664e+01    nrm: 5e+03    Viol.  var: 2e-06    barvar: 2e-06    acc: 1e-07

============================================================
[F1b] Top-budget hard selection: top-20 by raw consistency score
  Score range of selected: [3.7939e+02, 3.7939e+02]
============================================================
[MOSEK] Using configured license: <configured MOSEK license path>
Problem
  Name                   : vertex_fusion
  Objective sense        : minimize
  Type                   : CONIC (conic optimization problem)
  Constraints            : 0
  Affine conic cons.     : 42 (40606 rows)
  Disjunctive cons.      : 0
  Cones                  : 0
  Scalar variables       : 68
  Matrix variables       : 1 (scalarized: 136)
  Integer variables      : 0

Optimizer started.
Presolve started.
Linear dependency checker started.
Linear dependency checker terminated.
Eliminator started.
Freed constraints in eliminator : 0
Eliminator terminated.
Eliminator - tries                  : 1                 time                   : 0.00
Lin. dep.  - tries                  : 1                 time                   : 0.00
Lin. dep.  - primal attempts        : 1                 successes              : 1
Lin. dep.  - dual attempts          : 0                 successes              : 0
Lin. dep.  - primal deps.           : 0                 dual deps.             : 0
Presolve terminated. Time: 0.00
GP based matrix reordering started.
GP based matrix reordering terminated.
Optimizer  - threads                : 1
Optimizer  - solved problem         : the primal
Optimizer  - Constraints            : 40606
Optimizer  - Cones                  : 1
Optimizer  - Scalar variables       : 67                conic                  : 65
Optimizer  - Semi-definite variables: 43                scalarized             : 40742
Factor     - setup time             : 73.91
Factor     - dense det. time        : 30.48             GP order time          : 0.02
Factor     - nonzeros before factor : 2.57e+08          after factor           : 2.94e+08
Factor     - dense dim.             : 0                 flops                  : 4.14e+12
Factor     - GP saved nzs           : 7.70e+06          GP saved flops         : 2.90e+11
ITE PFEAS    DFEAS    GFEAS    PRSTATUS   POBJ              DOBJ              MU       TIME
0   1.0e+00  1.0e+00  1.0e+00  0.00e+00   0.000000000e+00   0.000000000e+00   1.0e+00  73.95
1   1.0e-01  1.0e-01  2.8e-02  9.25e-01   1.050556400e+00   1.030148265e+00   1.0e-01  161.38
2   1.4e-02  1.4e-02  1.8e-03  1.05e+00   2.314016337e+00   2.315362921e+00   1.4e-02  256.69
3   2.4e-03  2.4e-03  1.9e-04  6.56e-01   4.391302344e+00   4.393903623e+00   2.4e-03  350.20
4   4.6e-04  4.6e-04  2.7e-05  5.06e-01   6.657683594e+00   6.659856381e+00   4.6e-04  442.23
5   1.3e-04  1.3e-04  6.6e-06  2.54e-01   8.815507899e+00   8.817404264e+00   1.3e-04  533.31
6   4.3e-05  4.3e-05  2.0e-06  1.19e-01   1.098885851e+01   1.099074990e+01   4.3e-05  623.50
7   2.0e-05  2.0e-05  8.2e-07  1.81e-01   1.270553969e+01   1.270708957e+01   2.0e-05  712.91
8   1.3e-05  1.3e-05  6.4e-07  -7.09e-02  1.324062041e+01   1.324266272e+01   1.3e-05  803.45
9   2.2e-06  2.2e-06  6.8e-08  2.75e-01   1.685997575e+01   1.686089307e+01   2.2e-06  896.33
10  7.0e-07  7.0e-07  1.6e-08  3.56e-01   1.837338000e+01   1.837387780e+01   7.0e-07  987.61
11  9.1e-08  9.1e-08  1.0e-09  6.04e-01   1.939787414e+01   1.939799251e+01   9.1e-08  1081.67
12  5.6e-08  5.6e-08  5.1e-10  9.11e-01   1.949739618e+01   1.949747647e+01   5.7e-08  1177.16
Optimizer terminated. Time: 1177.27


Interior-point solution summary
  Problem status  : PRIMAL_AND_DUAL_FEASIBLE
  Solution status : OPTIMAL
  Primal.  obj: 1.9497396183e+01    nrm: 2e+01    Viol.  var: 0e+00    barvar: 0e+00    acc: 3e-06
  Dual.    obj: 1.9497476469e+01    nrm: 4e+03    Viol.  var: 2e-06    barvar: 2e-06    acc: 0e+00

============================================================
[S0] Data-only: LS identification from batch + LQR
============================================================
  LS model: rho(A_hat)=1.0864, dim A=(16, 16), B=(16, 4)
  S0 LQR ok: rho(A+BK)=0.8127

================================================================================
TWO-STAGE SOLVER / SURROGATE-LMI VERIFICATION PROTOCOL
================================================================================
  Stage-1: T1=1500s, max_iters=50, rel_gap=1e-04, pfeas=1e-06, dfeas=1e-06
  Stage-2 (polish): T2=600s, max_iters=200, rel_gap=1e-07, pfeas=1e-08, dfeas=1e-08
  Verification: full-vertex score-weighted surrogate LMI check
  Polish trigger: max_viol <= eps_near=2e-04
  Classification (numerical surrogate status, not hard certification):
    surrogate_pass : max_viol <= eps_pass=1e-04
    near_surrogate : eps_pass < max_viol <= eps_near=2e-04
    failed         : max_viol > eps_near or solver infeasible/timeout
  NOTE: hard certification holds only on the score-zero subpolytope U_cert
        A surrogate pass is not a hard certificate over U_prior.
================================================================================

  [Proposed] surrogate_pass: max_viol=3.71e-05, n_violated=0, gamma=4.3573
  [P1(NoRelax)] surrogate_pass: max_viol=8.84e-06, n_violated=0, gamma=5.2064
  [P0(PriorOnly)] surrogate_pass: max_viol=1.05e-05, n_violated=0, gamma=5.2088
  [F1a(HardStrict)] failed: max_viol=7.29e-02, n_violated=768, gamma=4.4104
  [F1b(HardBudget)] failed: max_viol=1.01e-01, n_violated=896, gamma=4.4030

====================================================================================================
FINAL SURROGATE-LMI VERIFICATION REPORT (Two-Stage Protocol)
====================================================================================================
Strategy               | Class            |   max_viol | n_violated |      gamma | polished
-------------------------------------------------------------------------------------------
NominalLQR             | N/A (LQR)        |        N/A |          0 |        N/A |       no
S0(DataOnly)           | N/A (LQR)        |        N/A |          0 |        N/A |       no
P0(PriorOnly)          | surrogate_pass   |   1.05e-05 |          0 |     5.2088 |       no
P1(NoRelax)            | surrogate_pass   |   8.84e-06 |          0 |     5.2064 |       no
F1a(HardStrict)        | failed           |   7.29e-02 |        768 |     4.4104 |       no
F1b(HardBudget)        | failed           |   1.01e-01 |        896 |     4.4030 |       no
Proposed               | surrogate_pass   |   3.71e-05 |          0 |     4.3573 |       no
-------------------------------------------------------------------------------------------
  surrogate_pass: 3/7 (42.9%)  |  near_surrogate: 0/7 (0.0%)  |  failed: 4/7 (57.1%)
====================================================================================================

[Cache] Saved synthesis diagnostics to <repository>/results_revised\caches\vertex_selection_synthesis.npz

================================================================================
Phase 3: Vertex Selection Strategy Comparison
================================================================================

================================================================================
[VertexSelectionExperiment] K_values=(8, 12, 16, 20), n_seeds=5, N_mc=500
  Protocol: tol=1.0e-04, polish_trigger=2.0e-04, T1=1500s, T2=600s
================================================================================
[MOSEK] Using configured license: <configured MOSEK license path>
[MOSEK] Using configured license: <configured MOSEK license path>
[MOSEK] Using configured license: <configured MOSEK license path>
  [K=8] SFPS+ICE seed=0: surrogate_pass, gamma=4.3887, viol=2.88e-05, mc_success=83.2%, rmse95=0.3562
[MOSEK] Using configured license: <configured MOSEK license path>
[MOSEK] Using configured license: <configured MOSEK license path>
[MOSEK] Using configured license: <configured MOSEK license path>
  [K=8] SFPS+ICE seed=1: surrogate_pass, gamma=4.3960, viol=7.20e-06, mc_success=84.0%, rmse95=0.3559
[MOSEK] Using configured license: <configured MOSEK license path>
[MOSEK] Using configured license: <configured MOSEK license path>
[MOSEK] Using configured license: <configured MOSEK license path>
  [K=8] SFPS+ICE seed=2: surrogate_pass, gamma=4.3980, viol=7.30e-06, mc_success=86.4%, rmse95=0.3592
[MOSEK] Using configured license: <configured MOSEK license path>
[MOSEK] Using configured license: <configured MOSEK license path>
[MOSEK] Using configured license: <configured MOSEK license path>
  [K=8] SFPS+ICE seed=3: surrogate_pass, gamma=4.3718, viol=3.52e-05, mc_success=90.0%, rmse95=0.3554
[MOSEK] Using configured license: <configured MOSEK license path>
[MOSEK] Using configured license: <configured MOSEK license path>
[MOSEK] Using configured license: <configured MOSEK license path>
  [K=8] SFPS+ICE seed=4: surrogate_pass, gamma=4.3900, viol=2.82e-05, mc_success=85.0%, rmse95=0.3538
[MOSEK] Using configured license: <configured MOSEK license path>
  [K=8] SFPS-init seed=0: failed (gamma=3.81, viol_s1=4.38e-02, viol_final=4.38e-02)
[MOSEK] Using configured license: <configured MOSEK license path>
  [K=8] SFPS-init seed=1: failed (gamma=3.82, viol_s1=4.81e-02, viol_final=4.81e-02)
[MOSEK] Using configured license: <configured MOSEK license path>
  [K=8] SFPS-init seed=2: failed (gamma=3.82, viol_s1=4.21e-02, viol_final=4.21e-02)
[MOSEK] Using configured license: <configured MOSEK license path>
  [K=8] SFPS-init seed=3: failed (gamma=3.81, viol_s1=4.26e-02, viol_final=4.26e-02)
[MOSEK] Using configured license: <configured MOSEK license path>
  [K=8] SFPS-init seed=4: failed (gamma=3.82, viol_s1=4.75e-02, viol_final=4.75e-02)
[MOSEK] Using configured license: <configured MOSEK license path>
[MOSEK] Using configured license: <configured MOSEK license path>
[MOSEK] Using configured license: <configured MOSEK license path>
  [K=8] Random+ICE seed=0: surrogate_pass, gamma=4.4096, viol=6.35e-06, mc_success=88.2%, rmse95=0.3574
[MOSEK] Using configured license: <configured MOSEK license path>
[MOSEK] Using configured license: <configured MOSEK license path>
[MOSEK] Using configured license: <configured MOSEK license path>
[MOSEK] Using configured license: <configured MOSEK license path>
  [K=8] Random+ICE seed=1: surrogate_pass, gamma=4.4037, viol=2.65e-05, mc_success=89.2%, rmse95=0.3561
[MOSEK] Using configured license: <configured MOSEK license path>
[MOSEK] Using configured license: <configured MOSEK license path>
[MOSEK] Using configured license: <configured MOSEK license path>
[MOSEK] Using configured license: <configured MOSEK license path>
  [K=8] Random+ICE seed=2: failed (gamma=3.66, viol_s1=6.16e-03, viol_final=6.16e-03)
[MOSEK] Using configured license: <configured MOSEK license path>
[MOSEK] Using configured license: <configured MOSEK license path>
[MOSEK] Using configured license: <configured MOSEK license path>
[MOSEK] Using configured license: <configured MOSEK license path>
  [K=8] Random+ICE seed=3: failed (gamma=4.13, viol_s1=6.07e-04, viol_final=6.07e-04)
[MOSEK] Using configured license: <configured MOSEK license path>
[MOSEK] Using configured license: <configured MOSEK license path>
[MOSEK] Using configured license: <configured MOSEK license path>
[MOSEK] Using configured license: <configured MOSEK license path>
  [K=8] Random+ICE seed=4: failed (gamma=4.38, viol_s1=3.92e-04, viol_final=3.92e-04)
[MOSEK] Using configured license: <configured MOSEK license path>
[MOSEK] Using configured license: <configured MOSEK license path>
[MOSEK] Using configured license: <configured MOSEK license path>
[MOSEK] Using configured license: <configured MOSEK license path>
  [K=8] TopK+ICE seed=0: failed (gamma=3.85, viol_s1=1.92e-03, viol_final=1.92e-03)
[MOSEK] Using configured license: <configured MOSEK license path>
[MOSEK] Using configured license: <configured MOSEK license path>
[MOSEK] Using configured license: <configured MOSEK license path>
[MOSEK] Using configured license: <configured MOSEK license path>
  [K=8] TopK+ICE seed=1: failed (gamma=3.85, viol_s1=1.92e-03, viol_final=1.92e-03)
[MOSEK] Using configured license: <configured MOSEK license path>
[MOSEK] Using configured license: <configured MOSEK license path>
[MOSEK] Using configured license: <configured MOSEK license path>
[MOSEK] Using configured license: <configured MOSEK license path>
  [K=8] TopK+ICE seed=2: failed (gamma=3.85, viol_s1=1.92e-03, viol_final=1.92e-03)
[MOSEK] Using configured license: <configured MOSEK license path>
[MOSEK] Using configured license: <configured MOSEK license path>
[MOSEK] Using configured license: <configured MOSEK license path>
[MOSEK] Using configured license: <configured MOSEK license path>
  [K=8] TopK+ICE seed=3: failed (gamma=3.85, viol_s1=1.92e-03, viol_final=1.92e-03)
[MOSEK] Using configured license: <configured MOSEK license path>
[MOSEK] Using configured license: <configured MOSEK license path>
[MOSEK] Using configured license: <configured MOSEK license path>
[MOSEK] Using configured license: <configured MOSEK license path>
  [K=8] TopK+ICE seed=4: failed (gamma=3.85, viol_s1=1.92e-03, viol_final=1.92e-03)
[MOSEK] Using configured license: <configured MOSEK license path>
[MOSEK] Using configured license: <configured MOSEK license path>
[MOSEK] Using configured license: <configured MOSEK license path>
[MOSEK] Using configured license: <configured MOSEK license path>
  [K=8] FPS-Param+ICE seed=0: failed (gamma=4.37, viol_s1=4.14e-04, viol_final=4.14e-04)
[MOSEK] Using configured license: <configured MOSEK license path>
[MOSEK] Using configured license: <configured MOSEK license path>
[MOSEK] Using configured license: <configured MOSEK license path>
[MOSEK] Using configured license: <configured MOSEK license path>
  [K=8] FPS-Param+ICE seed=1: failed (gamma=4.36, viol_s1=4.10e-04, viol_final=4.10e-04)
[MOSEK] Using configured license: <configured MOSEK license path>
[MOSEK] Using configured license: <configured MOSEK license path>
[MOSEK] Using configured license: <configured MOSEK license path>
  [K=8] FPS-Param+ICE seed=2: surrogate_pass, gamma=4.3609, viol=3.69e-05, mc_success=87.4%, rmse95=0.3569
[MOSEK] Using configured license: <configured MOSEK license path>
[MOSEK] Using configured license: <configured MOSEK license path>
[MOSEK] Using configured license: <configured MOSEK license path>
[MOSEK] Using configured license: <configured MOSEK license path>
  [K=8] FPS-Param+ICE seed=3: failed (gamma=3.85, viol_s1=1.92e-03, viol_final=1.92e-03)
[MOSEK] Using configured license: <configured MOSEK license path>
[MOSEK] Using configured license: <configured MOSEK license path>
[MOSEK] Using configured license: <configured MOSEK license path>
[MOSEK] Using configured license: <configured MOSEK license path>
  [K=8] FPS-Param+ICE seed=4: failed (gamma=4.14, viol_s1=6.05e-04, viol_final=6.05e-04)
[MOSEK] Using configured license: <configured MOSEK license path>
[MOSEK] Using configured license: <configured MOSEK license path>
[MOSEK] Using configured license: <configured MOSEK license path>
[MOSEK] Using configured license: <configured MOSEK license path>
  [K=8] FPS-Delta+ICE seed=0: failed (gamma=4.37, viol_s1=3.99e-04, viol_final=3.99e-04)
[MOSEK] Using configured license: <configured MOSEK license path>
[MOSEK] Using configured license: <configured MOSEK license path>
[MOSEK] Using configured license: <configured MOSEK license path>
  [K=8] FPS-Delta+ICE seed=1: surrogate_pass, gamma=4.3632, viol=3.65e-05, mc_success=90.8%, rmse95=0.3621
[MOSEK] Using configured license: <configured MOSEK license path>
[MOSEK] Using configured license: <configured MOSEK license path>
[MOSEK] Using configured license: <configured MOSEK license path>
[MOSEK] Using configured license: <configured MOSEK license path>
  [K=8] FPS-Delta+ICE seed=2: surrogate_pass, gamma=4.4023, viol=6.82e-05, mc_success=88.6%, rmse95=0.3601
[MOSEK] Using configured license: <configured MOSEK license path>
[MOSEK] Using configured license: <configured MOSEK license path>
[MOSEK] Using configured license: <configured MOSEK license path>
[MOSEK] Using configured license: <configured MOSEK license path>
  [K=8] FPS-Delta+ICE seed=3: failed (gamma=4.15, viol_s1=6.08e-04, viol_final=6.08e-04)
[MOSEK] Using configured license: <configured MOSEK license path>
[MOSEK] Using configured license: <configured MOSEK license path>
[MOSEK] Using configured license: <configured MOSEK license path>
[MOSEK] Using configured license: <configured MOSEK license path>
  [K=8] FPS-Delta+ICE seed=4: surrogate_pass, gamma=4.3582, viol=3.71e-05, mc_success=84.2%, rmse95=0.3563
[MOSEK] Using configured license: <configured MOSEK license path>
[MOSEK] Using configured license: <configured MOSEK license path>
  [K=12] SFPS+ICE seed=0: surrogate_pass, gamma=4.3608, viol=3.67e-05, mc_success=82.8%, rmse95=0.3559
[MOSEK] Using configured license: <configured MOSEK license path>
[MOSEK] Using configured license: <configured MOSEK license path>
  [K=12] SFPS+ICE seed=1: surrogate_pass, gamma=4.4130, viol=5.83e-06, mc_success=92.2%, rmse95=0.3600
[MOSEK] Using configured license: <configured MOSEK license path>
[MOSEK] Using configured license: <configured MOSEK license path>
  [K=12] SFPS+ICE seed=2: surrogate_pass, gamma=4.3591, viol=3.69e-05, mc_success=83.6%, rmse95=0.3570
[MOSEK] Using configured license: <configured MOSEK license path>
[MOSEK] Using configured license: <configured MOSEK license path>
  [K=12] SFPS+ICE seed=3: surrogate_pass, gamma=4.3904, viol=2.80e-05, mc_success=90.6%, rmse95=0.3610
[MOSEK] Using configured license: <configured MOSEK license path>
[MOSEK] Using configured license: <configured MOSEK license path>
  [K=12] SFPS+ICE seed=4: surrogate_pass, gamma=4.3713, viol=3.50e-05, mc_success=91.4%, rmse95=0.3610
[MOSEK] Using configured license: <configured MOSEK license path>
  [K=12] SFPS-init seed=0: failed (gamma=4.38, viol_s1=1.33e-02, viol_final=1.33e-02)
[MOSEK] Using configured license: <configured MOSEK license path>
  [K=12] SFPS-init seed=1: failed (gamma=4.36, viol_s1=3.45e-02, viol_final=3.45e-02)
[MOSEK] Using configured license: <configured MOSEK license path>
  [K=12] SFPS-init seed=2: failed (gamma=4.36, viol_s1=3.05e-02, viol_final=3.05e-02)
[MOSEK] Using configured license: <configured MOSEK license path>
  [K=12] SFPS-init seed=3: failed (gamma=4.36, viol_s1=3.27e-02, viol_final=3.27e-02)
[MOSEK] Using configured license: <configured MOSEK license path>
  [K=12] SFPS-init seed=4: failed (gamma=4.37, viol_s1=3.96e-02, viol_final=3.96e-02)
[MOSEK] Using configured license: <configured MOSEK license path>
[MOSEK] Using configured license: <configured MOSEK license path>
[MOSEK] Using configured license: <configured MOSEK license path>
[MOSEK] Using configured license: <configured MOSEK license path>
  [K=12] Random+ICE seed=0: failed (gamma=3.59, viol_s1=6.84e-03, viol_final=6.84e-03)
[MOSEK] Using configured license: <configured MOSEK license path>
[MOSEK] Using configured license: <configured MOSEK license path>
[MOSEK] Using configured license: <configured MOSEK license path>
  [K=12] Random+ICE seed=1: surrogate_pass, gamma=4.3917, viol=2.86e-05, mc_success=85.8%, rmse95=0.3577
[MOSEK] Using configured license: <configured MOSEK license path>
[MOSEK] Using configured license: <configured MOSEK license path>
[MOSEK] Using configured license: <configured MOSEK license path>
[MOSEK] Using configured license: <configured MOSEK license path>
[MOSEK] Using configured license: <configured MOSEK license path>
  [K=12] Random+ICE seed=2: failed (gamma=4.38, viol_s1=1.03e-04, viol_final=6.75e-04)
[MOSEK] Using configured license: <configured MOSEK license path>
[MOSEK] Using configured license: <configured MOSEK license path>
[MOSEK] Using configured license: <configured MOSEK license path>
[MOSEK] Using configured license: <configured MOSEK license path>
  [K=12] Random+ICE seed=3: failed (gamma=4.38, viol_s1=2.63e-04, viol_final=2.63e-04)
[MOSEK] Using configured license: <configured MOSEK license path>
[MOSEK] Using configured license: <configured MOSEK license path>
  [K=12] Random+ICE seed=4: surrogate_pass, gamma=4.3573, viol=3.72e-05, mc_success=88.4%, rmse95=0.3598
[MOSEK] Using configured license: <configured MOSEK license path>
[MOSEK] Using configured license: <configured MOSEK license path>
[MOSEK] Using configured license: <configured MOSEK license path>
[MOSEK] Using configured license: <configured MOSEK license path>
  [K=12] TopK+ICE seed=0: failed (gamma=3.85, viol_s1=1.92e-03, viol_final=1.92e-03)
[MOSEK] Using configured license: <configured MOSEK license path>
[MOSEK] Using configured license: <configured MOSEK license path>
[MOSEK] Using configured license: <configured MOSEK license path>
[MOSEK] Using configured license: <configured MOSEK license path>
  [K=12] TopK+ICE seed=1: failed (gamma=3.85, viol_s1=1.92e-03, viol_final=1.92e-03)
[MOSEK] Using configured license: <configured MOSEK license path>
[MOSEK] Using configured license: <configured MOSEK license path>
[MOSEK] Using configured license: <configured MOSEK license path>
[MOSEK] Using configured license: <configured MOSEK license path>
  [K=12] TopK+ICE seed=2: failed (gamma=3.85, viol_s1=1.92e-03, viol_final=1.92e-03)
[MOSEK] Using configured license: <configured MOSEK license path>
[MOSEK] Using configured license: <configured MOSEK license path>
[MOSEK] Using configured license: <configured MOSEK license path>
[MOSEK] Using configured license: <configured MOSEK license path>
  [K=12] TopK+ICE seed=3: failed (gamma=3.85, viol_s1=1.92e-03, viol_final=1.92e-03)
[MOSEK] Using configured license: <configured MOSEK license path>
[MOSEK] Using configured license: <configured MOSEK license path>
[MOSEK] Using configured license: <configured MOSEK license path>
[MOSEK] Using configured license: <configured MOSEK license path>
  [K=12] TopK+ICE seed=4: failed (gamma=3.85, viol_s1=1.92e-03, viol_final=1.92e-03)
[MOSEK] Using configured license: <configured MOSEK license path>
[MOSEK] Using configured license: <configured MOSEK license path>
[MOSEK] Using configured license: <configured MOSEK license path>
[MOSEK] Using configured license: <configured MOSEK license path>
  [K=12] FPS-Param+ICE seed=0: failed (gamma=4.37, viol_s1=5.33e-04, viol_final=5.33e-04)
[MOSEK] Using configured license: <configured MOSEK license path>
[MOSEK] Using configured license: <configured MOSEK license path>
[MOSEK] Using configured license: <configured MOSEK license path>
[MOSEK] Using configured license: <configured MOSEK license path>
  [K=12] FPS-Param+ICE seed=1: failed (gamma=3.62, viol_s1=4.01e-03, viol_final=4.01e-03)
[MOSEK] Using configured license: <configured MOSEK license path>
[MOSEK] Using configured license: <configured MOSEK license path>
[MOSEK] Using configured license: <configured MOSEK license path>
[MOSEK] Using configured license: <configured MOSEK license path>
[MOSEK] Using configured license: <configured MOSEK license path>
  [K=12] FPS-Param+ICE seed=2: near_surrogate [polished], gamma=4.3771, viol=1.03e-04, mc_success=100.0%, rmse95=0.3753
[MOSEK] Using configured license: <configured MOSEK license path>
[MOSEK] Using configured license: <configured MOSEK license path>
[MOSEK] Using configured license: <configured MOSEK license path>
  [K=12] FPS-Param+ICE seed=3: surrogate_pass, gamma=4.3603, viol=3.69e-05, mc_success=86.4%, rmse95=0.3549
[MOSEK] Using configured license: <configured MOSEK license path>
[MOSEK] Using configured license: <configured MOSEK license path>
[MOSEK] Using configured license: <configured MOSEK license path>
  [K=12] FPS-Param+ICE seed=4: surrogate_pass, gamma=4.4099, viol=3.60e-05, mc_success=96.0%, rmse95=0.3635
[MOSEK] Using configured license: <configured MOSEK license path>
[MOSEK] Using configured license: <configured MOSEK license path>
[MOSEK] Using configured license: <configured MOSEK license path>
  [K=12] FPS-Delta+ICE seed=0: surrogate_pass, gamma=4.3920, viol=2.81e-05, mc_success=87.6%, rmse95=0.3565
[MOSEK] Using configured license: <configured MOSEK license path>
[MOSEK] Using configured license: <configured MOSEK license path>
[MOSEK] Using configured license: <configured MOSEK license path>
[MOSEK] Using configured license: <configured MOSEK license path>
  [K=12] FPS-Delta+ICE seed=1: surrogate_pass, gamma=4.3971, viol=2.71e-05, mc_success=88.8%, rmse95=0.3590
[MOSEK] Using configured license: <configured MOSEK license path>
[MOSEK] Using configured license: <configured MOSEK license path>
[MOSEK] Using configured license: <configured MOSEK license path>
[MOSEK] Using configured license: <configured MOSEK license path>
[MOSEK] Using configured license: <configured MOSEK license path>
  [K=12] FPS-Delta+ICE seed=2: near_surrogate [polished], gamma=4.3768, viol=1.03e-04, mc_success=97.2%, rmse95=0.3674
[MOSEK] Using configured license: <configured MOSEK license path>
[MOSEK] Using configured license: <configured MOSEK license path>
[MOSEK] Using configured license: <configured MOSEK license path>
[MOSEK] Using configured license: <configured MOSEK license path>
  [K=12] FPS-Delta+ICE seed=3: surrogate_pass, gamma=4.3957, viol=7.51e-06, mc_success=82.2%, rmse95=0.3528
[MOSEK] Using configured license: <configured MOSEK license path>
[MOSEK] Using configured license: <configured MOSEK license path>
[MOSEK] Using configured license: <configured MOSEK license path>
[MOSEK] Using configured license: <configured MOSEK license path>
  [K=12] FPS-Delta+ICE seed=4: surrogate_pass, gamma=4.3903, viol=2.83e-05, mc_success=86.2%, rmse95=0.3557
[MOSEK] Using configured license: <configured MOSEK license path>
  [K=16] SFPS+ICE seed=0: surrogate_pass, gamma=4.3662, viol=3.62e-05, mc_success=85.2%, rmse95=0.3569
[MOSEK] Using configured license: <configured MOSEK license path>
  [K=16] SFPS+ICE seed=1: surrogate_pass, gamma=4.3598, viol=3.68e-05, mc_success=87.2%, rmse95=0.3581
[MOSEK] Using configured license: <configured MOSEK license path>
  [K=16] SFPS+ICE seed=2: surrogate_pass, gamma=4.3673, viol=3.59e-05, mc_success=92.2%, rmse95=0.3604
[MOSEK] Using configured license: <configured MOSEK license path>
  [K=16] SFPS+ICE seed=3: surrogate_pass, gamma=4.3666, viol=3.58e-05, mc_success=91.4%, rmse95=0.3624
[MOSEK] Using configured license: <configured MOSEK license path>
  [K=16] SFPS+ICE seed=4: surrogate_pass, gamma=4.3623, viol=3.67e-05, mc_success=89.2%, rmse95=0.3588
[MOSEK] Using configured license: <configured MOSEK license path>
  [K=16] SFPS-init seed=0: surrogate_pass, gamma=4.3662, viol=3.62e-05, mc_success=85.2%, rmse95=0.3569
[MOSEK] Using configured license: <configured MOSEK license path>
  [K=16] SFPS-init seed=1: surrogate_pass, gamma=4.3598, viol=3.68e-05, mc_success=87.2%, rmse95=0.3581
[MOSEK] Using configured license: <configured MOSEK license path>
  [K=16] SFPS-init seed=2: surrogate_pass, gamma=4.3673, viol=3.59e-05, mc_success=92.2%, rmse95=0.3604
[MOSEK] Using configured license: <configured MOSEK license path>
  [K=16] SFPS-init seed=3: surrogate_pass, gamma=4.3666, viol=3.58e-05, mc_success=91.4%, rmse95=0.3624
[MOSEK] Using configured license: <configured MOSEK license path>
  [K=16] SFPS-init seed=4: surrogate_pass, gamma=4.3623, viol=3.67e-05, mc_success=89.2%, rmse95=0.3588
[MOSEK] Using configured license: <configured MOSEK license path>
  [K=16] Random+ICE seed=0: surrogate_pass, gamma=4.3749, viol=7.65e-05, mc_success=91.8%, rmse95=0.3631
[MOSEK] Using configured license: <configured MOSEK license path>
[MOSEK] Using configured license: <configured MOSEK license path>
  [K=16] Random+ICE seed=1: surrogate_pass, gamma=4.3978, viol=6.87e-05, mc_success=91.4%, rmse95=0.3574
[MOSEK] Using configured license: <configured MOSEK license path>
[MOSEK] Using configured license: <configured MOSEK license path>
[MOSEK] Using configured license: <configured MOSEK license path>
[MOSEK] Using configured license: <configured MOSEK license path>
  [K=16] Random+ICE seed=2: surrogate_pass, gamma=4.4094, viol=5.53e-06, mc_success=89.2%, rmse95=0.3583
[MOSEK] Using configured license: <configured MOSEK license path>
[MOSEK] Using configured license: <configured MOSEK license path>
[MOSEK] Using configured license: <configured MOSEK license path>
[MOSEK] Using configured license: <configured MOSEK license path>
[MOSEK] Using configured license: <configured MOSEK license path>
  [K=16] Random+ICE seed=3: near_surrogate [polished], gamma=4.3771, viol=1.03e-04, mc_success=100.0%, rmse95=0.3753
[MOSEK] Using configured license: <configured MOSEK license path>
[MOSEK] Using configured license: <configured MOSEK license path>
[MOSEK] Using configured license: <configured MOSEK license path>
[MOSEK] Using configured license: <configured MOSEK license path>
  [K=16] Random+ICE seed=4: surrogate_pass, gamma=4.3935, viol=2.80e-05, mc_success=89.6%, rmse95=0.3557
[MOSEK] Using configured license: <configured MOSEK license path>
[MOSEK] Using configured license: <configured MOSEK license path>
[MOSEK] Using configured license: <configured MOSEK license path>
[MOSEK] Using configured license: <configured MOSEK license path>
  [K=16] TopK+ICE seed=0: failed (gamma=3.85, viol_s1=2.24e-02, viol_final=2.24e-02)
[MOSEK] Using configured license: <configured MOSEK license path>
[MOSEK] Using configured license: <configured MOSEK license path>
[MOSEK] Using configured license: <configured MOSEK license path>
[MOSEK] Using configured license: <configured MOSEK license path>
  [K=16] TopK+ICE seed=1: failed (gamma=3.85, viol_s1=2.24e-02, viol_final=2.24e-02)
[MOSEK] Using configured license: <configured MOSEK license path>
[MOSEK] Using configured license: <configured MOSEK license path>
[MOSEK] Using configured license: <configured MOSEK license path>
[MOSEK] Using configured license: <configured MOSEK license path>
  [K=16] TopK+ICE seed=2: failed (gamma=3.85, viol_s1=2.24e-02, viol_final=2.24e-02)
[MOSEK] Using configured license: <configured MOSEK license path>
[MOSEK] Using configured license: <configured MOSEK license path>
[MOSEK] Using configured license: <configured MOSEK license path>
[MOSEK] Using configured license: <configured MOSEK license path>
  [K=16] TopK+ICE seed=3: failed (gamma=3.85, viol_s1=2.24e-02, viol_final=2.24e-02)
[MOSEK] Using configured license: <configured MOSEK license path>
[MOSEK] Using configured license: <configured MOSEK license path>
[MOSEK] Using configured license: <configured MOSEK license path>
[MOSEK] Using configured license: <configured MOSEK license path>
  [K=16] TopK+ICE seed=4: failed (gamma=3.85, viol_s1=2.24e-02, viol_final=2.24e-02)
[MOSEK] Using configured license: <configured MOSEK license path>
[MOSEK] Using configured license: <configured MOSEK license path>
  [K=16] FPS-Param+ICE seed=0: surrogate_pass, gamma=4.4007, viol=2.71e-05, mc_success=96.0%, rmse95=0.3626
[MOSEK] Using configured license: <configured MOSEK license path>
[MOSEK] Using configured license: <configured MOSEK license path>
  [K=16] FPS-Param+ICE seed=1: surrogate_pass, gamma=4.3702, viol=3.54e-05, mc_success=93.8%, rmse95=0.3601
[MOSEK] Using configured license: <configured MOSEK license path>
[MOSEK] Using configured license: <configured MOSEK license path>
  [K=16] FPS-Param+ICE seed=2: surrogate_pass, gamma=4.3641, viol=3.62e-05, mc_success=84.4%, rmse95=0.3561
[MOSEK] Using configured license: <configured MOSEK license path>
[MOSEK] Using configured license: <configured MOSEK license path>
  [K=16] FPS-Param+ICE seed=3: surrogate_pass, gamma=4.3935, viol=2.78e-05, mc_success=90.0%, rmse95=0.3571
[MOSEK] Using configured license: <configured MOSEK license path>
[MOSEK] Using configured license: <configured MOSEK license path>
  [K=16] FPS-Param+ICE seed=4: surrogate_pass, gamma=4.3918, viol=2.78e-05, mc_success=88.6%, rmse95=0.3628
[MOSEK] Using configured license: <configured MOSEK license path>
  [K=16] FPS-Delta+ICE seed=0: surrogate_pass, gamma=4.3663, viol=3.60e-05, mc_success=89.6%, rmse95=0.3624
[MOSEK] Using configured license: <configured MOSEK license path>
[MOSEK] Using configured license: <configured MOSEK license path>
  [K=16] FPS-Delta+ICE seed=1: surrogate_pass, gamma=4.3924, viol=6.88e-05, mc_success=88.8%, rmse95=0.3603
[MOSEK] Using configured license: <configured MOSEK license path>
[MOSEK] Using configured license: <configured MOSEK license path>
[MOSEK] Using configured license: <configured MOSEK license path>
  [K=16] FPS-Delta+ICE seed=2: surrogate_pass, gamma=4.4126, viol=5.93e-06, mc_success=92.4%, rmse95=0.3624
[MOSEK] Using configured license: <configured MOSEK license path>
[MOSEK] Using configured license: <configured MOSEK license path>
[MOSEK] Using configured license: <configured MOSEK license path>
[MOSEK] Using configured license: <configured MOSEK license path>
  [K=16] FPS-Delta+ICE seed=3: surrogate_pass, gamma=4.3861, viol=6.88e-05, mc_success=82.8%, rmse95=0.3548
[MOSEK] Using configured license: <configured MOSEK license path>
[MOSEK] Using configured license: <configured MOSEK license path>
[MOSEK] Using configured license: <configured MOSEK license path>
[MOSEK] Using configured license: <configured MOSEK license path>
  [K=16] FPS-Delta+ICE seed=4: surrogate_pass, gamma=4.4005, viol=6.87e-05, mc_success=92.6%, rmse95=0.3602
[MOSEK] Using configured license: <configured MOSEK license path>
  [K=20] SFPS+ICE seed=0: surrogate_pass, gamma=4.3607, viol=3.73e-05, mc_success=86.0%, rmse95=0.3619
[MOSEK] Using configured license: <configured MOSEK license path>
  [K=20] SFPS+ICE seed=1: surrogate_pass, gamma=4.3688, viol=3.53e-05, mc_success=88.6%, rmse95=0.3608
[MOSEK] Using configured license: <configured MOSEK license path>
  [K=20] SFPS+ICE seed=2: surrogate_pass, gamma=4.3710, viol=3.48e-05, mc_success=95.6%, rmse95=0.3651
[MOSEK] Using configured license: <configured MOSEK license path>
  [K=20] SFPS+ICE seed=3: surrogate_pass, gamma=4.3726, viol=3.50e-05, mc_success=87.6%, rmse95=0.3595
[MOSEK] Using configured license: <configured MOSEK license path>
  [K=20] SFPS+ICE seed=4: surrogate_pass, gamma=4.3720, viol=3.44e-05, mc_success=93.0%, rmse95=0.3650
[MOSEK] Using configured license: <configured MOSEK license path>
  [K=20] SFPS-init seed=0: surrogate_pass, gamma=4.3607, viol=3.73e-05, mc_success=86.0%, rmse95=0.3619
[MOSEK] Using configured license: <configured MOSEK license path>
  [K=20] SFPS-init seed=1: surrogate_pass, gamma=4.3688, viol=3.53e-05, mc_success=88.6%, rmse95=0.3608
[MOSEK] Using configured license: <configured MOSEK license path>
  [K=20] SFPS-init seed=2: surrogate_pass, gamma=4.3710, viol=3.48e-05, mc_success=95.6%, rmse95=0.3651
[MOSEK] Using configured license: <configured MOSEK license path>
  [K=20] SFPS-init seed=3: surrogate_pass, gamma=4.3726, viol=3.50e-05, mc_success=87.6%, rmse95=0.3595
[MOSEK] Using configured license: <configured MOSEK license path>
  [K=20] SFPS-init seed=4: surrogate_pass, gamma=4.3720, viol=3.44e-05, mc_success=93.0%, rmse95=0.3650
[MOSEK] Using configured license: <configured MOSEK license path>
[MOSEK] Using configured license: <configured MOSEK license path>
[MOSEK] Using configured license: <configured MOSEK license path>
  [K=20] Random+ICE seed=0: surrogate_pass, gamma=4.4004, viol=2.71e-05, mc_success=96.4%, rmse95=0.3675
[MOSEK] Using configured license: <configured MOSEK license path>
[MOSEK] Using configured license: <configured MOSEK license path>
[MOSEK] Using configured license: <configured MOSEK license path>
[MOSEK] Using configured license: <configured MOSEK license path>
  [K=20] Random+ICE seed=1: surrogate_pass, gamma=4.3966, viol=2.74e-05, mc_success=97.4%, rmse95=0.3602
[MOSEK] Using configured license: <configured MOSEK license path>
[MOSEK] Using configured license: <configured MOSEK license path>
  [K=20] Random+ICE seed=2: surrogate_pass, gamma=4.3890, viol=6.90e-05, mc_success=84.4%, rmse95=0.3549
[MOSEK] Using configured license: <configured MOSEK license path>
[MOSEK] Using configured license: <configured MOSEK license path>
  [K=20] Random+ICE seed=3: surrogate_pass, gamma=4.3917, viol=6.85e-05, mc_success=88.8%, rmse95=0.3633
[MOSEK] Using configured license: <configured MOSEK license path>
[MOSEK] Using configured license: <configured MOSEK license path>
[MOSEK] Using configured license: <configured MOSEK license path>
  [K=20] Random+ICE seed=4: surrogate_pass, gamma=4.3964, viol=7.24e-06, mc_success=92.0%, rmse95=0.3614
[MOSEK] Using configured license: <configured MOSEK license path>
[MOSEK] Using configured license: <configured MOSEK license path>
[MOSEK] Using configured license: <configured MOSEK license path>
[MOSEK] Using configured license: <configured MOSEK license path>
  [K=20] TopK+ICE seed=0: failed (gamma=3.84, viol_s1=1.92e-03, viol_final=1.92e-03)
[MOSEK] Using configured license: <configured MOSEK license path>
[MOSEK] Using configured license: <configured MOSEK license path>
[MOSEK] Using configured license: <configured MOSEK license path>
[MOSEK] Using configured license: <configured MOSEK license path>
  [K=20] TopK+ICE seed=1: failed (gamma=3.84, viol_s1=1.92e-03, viol_final=1.92e-03)
[MOSEK] Using configured license: <configured MOSEK license path>
[MOSEK] Using configured license: <configured MOSEK license path>
[MOSEK] Using configured license: <configured MOSEK license path>
[MOSEK] Using configured license: <configured MOSEK license path>
  [K=20] TopK+ICE seed=2: failed (gamma=3.84, viol_s1=1.92e-03, viol_final=1.92e-03)
[MOSEK] Using configured license: <configured MOSEK license path>
[MOSEK] Using configured license: <configured MOSEK license path>
[MOSEK] Using configured license: <configured MOSEK license path>
[MOSEK] Using configured license: <configured MOSEK license path>
  [K=20] TopK+ICE seed=3: failed (gamma=3.84, viol_s1=1.92e-03, viol_final=1.92e-03)
[MOSEK] Using configured license: <configured MOSEK license path>
[MOSEK] Using configured license: <configured MOSEK license path>
[MOSEK] Using configured license: <configured MOSEK license path>
[MOSEK] Using configured license: <configured MOSEK license path>
  [K=20] TopK+ICE seed=4: failed (gamma=3.84, viol_s1=1.92e-03, viol_final=1.92e-03)
[MOSEK] Using configured license: <configured MOSEK license path>
  [K=20] FPS-Param+ICE seed=0: surrogate_pass, gamma=4.3910, viol=6.84e-05, mc_success=90.6%, rmse95=0.3608
[MOSEK] Using configured license: <configured MOSEK license path>
  [K=20] FPS-Param+ICE seed=1: surrogate_pass, gamma=4.3613, viol=3.58e-05, mc_success=87.2%, rmse95=0.3584
[MOSEK] Using configured license: <configured MOSEK license path>
[MOSEK] Using configured license: <configured MOSEK license path>
  [K=20] FPS-Param+ICE seed=2: surrogate_pass, gamma=4.3891, viol=2.85e-05, mc_success=91.0%, rmse95=0.3610
[MOSEK] Using configured license: <configured MOSEK license path>
[MOSEK] Using configured license: <configured MOSEK license path>
  [K=20] FPS-Param+ICE seed=3: surrogate_pass, gamma=4.3884, viol=2.86e-05, mc_success=84.6%, rmse95=0.3582
[MOSEK] Using configured license: <configured MOSEK license path>
[MOSEK] Using configured license: <configured MOSEK license path>
  [K=20] FPS-Param+ICE seed=4: surrogate_pass, gamma=4.4091, viol=2.39e-06, mc_success=89.4%, rmse95=0.3576
[MOSEK] Using configured license: <configured MOSEK license path>
[MOSEK] Using configured license: <configured MOSEK license path>
[MOSEK] Using configured license: <configured MOSEK license path>
[MOSEK] Using configured license: <configured MOSEK license path>
  [K=20] FPS-Delta+ICE seed=0: surrogate_pass, gamma=4.3888, viol=6.87e-05, mc_success=92.0%, rmse95=0.3591
[MOSEK] Using configured license: <configured MOSEK license path>
[MOSEK] Using configured license: <configured MOSEK license path>
[MOSEK] Using configured license: <configured MOSEK license path>
  [K=20] FPS-Delta+ICE seed=1: surrogate_pass, gamma=4.3926, viol=6.85e-05, mc_success=93.6%, rmse95=0.3627
[MOSEK] Using configured license: <configured MOSEK license path>
[MOSEK] Using configured license: <configured MOSEK license path>
[MOSEK] Using configured license: <configured MOSEK license path>
[MOSEK] Using configured license: <configured MOSEK license path>
  [K=20] FPS-Delta+ICE seed=2: surrogate_pass, gamma=4.3590, viol=3.72e-05, mc_success=87.0%, rmse95=0.3583
[MOSEK] Using configured license: <configured MOSEK license path>
[MOSEK] Using configured license: <configured MOSEK license path>
[MOSEK] Using configured license: <configured MOSEK license path>
[MOSEK] Using configured license: <configured MOSEK license path>
  [K=20] FPS-Delta+ICE seed=3: surrogate_pass, gamma=4.4084, viol=6.26e-06, mc_success=92.2%, rmse95=0.3596
[MOSEK] Using configured license: <configured MOSEK license path>
[MOSEK] Using configured license: <configured MOSEK license path>
[MOSEK] Using configured license: <configured MOSEK license path>
  [K=20] FPS-Delta+ICE seed=4: surrogate_pass, gamma=4.3681, viol=3.53e-05, mc_success=90.0%, rmse95=0.3577
[Cache] Saved vertex-selection raw results to <repository>/results_revised\caches\vertex_selection_ablation_raw.npz
[Table] Saved by-seed vertex-selection results to <repository>/results_revised\tables\vertex_selection_ablation_by_seed.csv

[Plotting] Generating vertex selection comparison plots...
[Figures] Saved vertex selection comparison to <repository>/results_revised\monclo_pointsResult
[Figures] Saved gamma vs K plot to <repository>/results_revised\monclo_pointsResult

[Export] Generating vertex selection LaTeX tables...
[Export] Saved vertex selection LaTeX tables to <repository>/results_revised\monclo_pointsResult\u-vertex_selection_tables.tex
[Export] Saved Table 8 summary to <repository>/results_revised\tables\vertex_selection_table8_summary.csv
[Export] Saved Table 8 row fragment to <repository>/results_revised\tables\vertex_selection_table8_rows.tex

================================================================================
All simulations completed successfully!
================================================================================
